  Title on CFG file: Tes Ti18 alpha                                                             
 Crystal and sample symmetry:  11  1
 Lattice parameters:    2.923   2.923   4.671  90.000  90.000 120.000
  Iteration control parameters: 
  itz,abpro,vitpro,peps,izick,irp,r,rfak,ianfsu,rfanf
   21  1.00  0.30  0.05    1    0 2.000 1.100    1  2.00
 Number of pole figures:     3
     CRYSTAL SYMMETRY   IGB = 11  (D6)    NUMBER OF GROUP ELEMENTS  IZGB = 12

  read cfg file
    1    0    0    1      0.00     80.00

 NPOLEX, h k l , NTmin , NTmax :    1       1   0   0      1 17
 ******
                                 MAREF CALCULATION
  IZOVERI =            1
   Equivalent HKL-directions :
   INV = 1, i.e. HKL is of type h*; only the half number
   of the equivalent HKL-directions is given
   I =  1  Theta =  90.000 Phi =  30.000 NBEIN =     1
   I =  2  Theta =  90.000 Phi = 150.000 NBEIN =     2
   I =  3  Theta =  90.000 Phi =  90.000 NBEIN =     3
  read cfg file
    0    0    2    1      0.00     80.00

 NPOLEX, h k l , NTmin , NTmax :    2       0   0   2      1 17
 ******
                                 MAREF CALCULATION
  IZOVERI =            1
   Equivalent HKL-directions :
   INV = 1, i.e. HKL is of type h*; only the half number
   of the equivalent HKL-directions is given
   I =  1  Theta =   0.000 Phi =   0.000 NBEIN =     4
  read cfg file
    1    0    1    1      0.00     80.00

 NPOLEX, h k l , NTmin , NTmax :    3       1   0   1      1 17
 ******
                                 MAREF CALCULATION
  IZOVERI =            1
   Equivalent HKL-directions :
   INV = 1, i.e. HKL is of type h*; only the half number
   of the equivalent HKL-directions is given
   I =  1  Theta =  61.545 Phi =  30.000 NBEIN =     5
   I =  2  Theta =  61.545 Phi = 330.000 NBEIN =     6
   I =  3  Theta =  61.545 Phi = 270.000 NBEIN =     7
   I =  4  Theta =  61.545 Phi = 210.000 NBEIN =     8
   I =  5  Theta =  61.545 Phi = 150.000 NBEIN =     9
   I =  6  Theta =  61.545 Phi =  90.000 NBEIN =    10

          RFANF =  0.20000E+01 F2 = 0.14669E+01 ENTROPIE = -0.21876E+00
       PHONINP =   0.01  PHONSTEPEPS =  0.0050

          RFANF =  0.25000E+01 F2 = 0.17442E+01 ENTROPIE = -0.31554E+00
       PHONINP =   0.00  PHONSTEPEPS =  0.0050

          RFANF =  0.15000E+01 F2 = 0.12689E+01 ENTROPIE = -0.13627E+00
       PHONINP =   0.03  PHONSTEPEPS =  0.0050


     OPTIMUM RFANF =     2.00


 Tes Ti18 alpha                                                             
 Data file: WIMV.INP                                                                   

  ****  True iteration step #  0  ****
ODF Minimum and Maximum:      0.01      6.31
Texture Index (F**2)             1.4669
Entropy                         -0.2187
Average RP                      31.6075
Average RP1                     23.1617

   h   k   l     RP0     RP1     min.    max.   a min.  a max.
                     (%)           (m.r.d)
 Tes Ti18 alpha                                                             
 Data file: WIMV.INP                                                                   

  ****  True iteration step #  1  ****
ODF Minimum and Maximum:      0.00     11.23
Texture Index (F**2)             1.9432
Entropy                         -0.4030
Average RP                      27.3945
Average RP1                     22.6803

   h   k   l     RP0     RP1     min.    max.   a min.  a max.
                     (%)           (m.r.d)
 Tes Ti18 alpha                                                             
 Data file: WIMV.INP                                                                   

  ****  True iteration step #  2  ****
ODF Minimum and Maximum:      0.00     14.52
Texture Index (F**2)             2.3225
Entropy                         -0.5374
Average RP                      25.6758
Average RP1                     23.3190

   h   k   l     RP0     RP1     min.    max.   a min.  a max.
                     (%)           (m.r.d)
 Tes Ti18 alpha                                                             
 Data file: WIMV.INP                                                                   

  ****  True iteration step #  3  ****
ODF Minimum and Maximum:      0.00     15.24
Texture Index (F**2)             2.5784
Entropy                         -0.6271
Average RP                      24.4349
Average RP1                     22.7239

   h   k   l     RP0     RP1     min.    max.   a min.  a max.
                     (%)           (m.r.d)
 Tes Ti18 alpha                                                             
 Data file: WIMV.INP                                                                   

  ****  True iteration step #  4  ****
ODF Minimum and Maximum:      0.00     15.50
Texture Index (F**2)             2.7816
Entropy                         -0.6947
Average RP                      23.5871
Average RP1                     22.2976

   h   k   l     RP0     RP1     min.    max.   a min.  a max.
                     (%)           (m.r.d)
 Tes Ti18 alpha                                                             
 Data file: WIMV.INP                                                                   

  ****  True iteration step #  5  ****
ODF Minimum and Maximum:      0.00     16.13
Texture Index (F**2)             2.9537
Entropy                         -0.7490
Average RP                      22.9064
Average RP1                     21.7771

   h   k   l     RP0     RP1     min.    max.   a min.  a max.
                     (%)           (m.r.d)
 Tes Ti18 alpha                                                             
 Data file: WIMV.INP                                                                   

  ****  True iteration step #  6  ****
ODF Minimum and Maximum:      0.00     17.11
Texture Index (F**2)             3.1071
Entropy                         -0.7948
Average RP                      22.3678
Average RP1                     21.3511

   h   k   l     RP0     RP1     min.    max.   a min.  a max.
                     (%)           (m.r.d)
 Tes Ti18 alpha                                                             
 Data file: WIMV.INP                                                                   

  ****  True iteration step #  7  ****
ODF Minimum and Maximum:      0.00     18.21
Texture Index (F**2)             3.2475
Entropy                         -0.8347
Average RP                      21.9230
Average RP1                     21.0412

   h   k   l     RP0     RP1     min.    max.   a min.  a max.
                     (%)           (m.r.d)
 Tes Ti18 alpha                                                             
 Data file: WIMV.INP                                                                   

  ****  True iteration step #  8  ****
ODF Minimum and Maximum:      0.00     19.50
Texture Index (F**2)             3.3786
Entropy                         -0.8703
Average RP                      21.5590
Average RP1                     20.7258

   h   k   l     RP0     RP1     min.    max.   a min.  a max.
                     (%)           (m.r.d)
 Tes Ti18 alpha                                                             
 Data file: WIMV.INP                                                                   

  ****  True iteration step #  9  ****
ODF Minimum and Maximum:      0.00     20.74
Texture Index (F**2)             3.5026
Entropy                         -0.9028
Average RP                      21.2520
Average RP1                     20.4531

   h   k   l     RP0     RP1     min.    max.   a min.  a max.
                     (%)           (m.r.d)
 Tes Ti18 alpha                                                             
 Data file: WIMV.INP                                                                   

  ****  True iteration step # 10  ****
ODF Minimum and Maximum:      0.00     21.80
Texture Index (F**2)             3.6210
Entropy                         -0.9328
Average RP                      20.9922
Average RP1                     20.2196

   h   k   l     RP0     RP1     min.    max.   a min.  a max.
                     (%)           (m.r.d)
 Tes Ti18 alpha                                                             
 Data file: WIMV.INP                                                                   

  ****  True iteration step # 11  ****
ODF Minimum and Maximum:      0.00     22.71
Texture Index (F**2)             3.7349
Entropy                         -0.9608
Average RP                      20.7677
Average RP1                     20.0133

   h   k   l     RP0     RP1     min.    max.   a min.  a max.
                     (%)           (m.r.d)
 Tes Ti18 alpha                                                             
 Data file: WIMV.INP                                                                   

  ****  True iteration step # 12  ****
ODF Minimum and Maximum:      0.00     23.49
Texture Index (F**2)             3.8450
Entropy                         -0.9872
Average RP                      20.5751
Average RP1                     19.8441

   h   k   l     RP0     RP1     min.    max.   a min.  a max.
                     (%)           (m.r.d)
 Tes Ti18 alpha                                                             
 Data file: WIMV.INP                                                                   

  ****  True iteration step # 13  ****
ODF Minimum and Maximum:      0.00     24.17
Texture Index (F**2)             3.9519
Entropy                         -1.0123
Average RP                      20.4049
Average RP1                     19.6843

   h   k   l     RP0     RP1     min.    max.   a min.  a max.
                     (%)           (m.r.d)
 Tes Ti18 alpha                                                             
 Data file: WIMV.INP                                                                   

  ****  True iteration step # 14  ****
ODF Minimum and Maximum:      0.00     24.76
Texture Index (F**2)             4.0560
Entropy                         -1.0362
Average RP                      20.2560
Average RP1                     19.5470

   h   k   l     RP0     RP1     min.    max.   a min.  a max.
                     (%)           (m.r.d)
 Tes Ti18 alpha                                                             
 Data file: WIMV.INP                                                                   

  ****  True iteration step # 15  ****
ODF Minimum and Maximum:      0.00     25.28
Texture Index (F**2)             4.1575
Entropy                         -1.0591
Average RP                      20.1263
Average RP1                     19.4274

   h   k   l     RP0     RP1     min.    max.   a min.  a max.
                     (%)           (m.r.d)
 Tes Ti18 alpha                                                             
 Data file: WIMV.INP                                                                   

  ****  True iteration step # 16  ****
ODF Minimum and Maximum:      0.00     25.74
Texture Index (F**2)             4.2567
Entropy                         -1.0812
Average RP                      20.0116
Average RP1                     19.3203

   h   k   l     RP0     RP1     min.    max.   a min.  a max.
                     (%)           (m.r.d)
   STOP AT THE    16-TH ITERATION STEP MEAN RP_VALUE (per cent)  0.200E+02

   1   0   0   25.58   22.53    0.01    6.29     0.0    80.0    Exp.norm.  
   1   0   0   25.58   22.53    0.01    3.63     0.0    80.0    Recal.norm.
   0   0   2   13.61   14.32    0.01    5.00     0.0    80.0    Exp.norm.  
   0   0   2   13.61   14.32    0.01    4.91     0.0    80.0    Recal.norm.
   1   0   1   20.84   21.11    0.00    4.30     0.0    80.0    Exp.norm.  
   1   0   1   20.84   21.11    0.02    2.20     0.0    80.0    Recal.norm.
