  Title on CFG file: Tes Ti18 alpha                                                             
 Crystal and sample symmetry:  11  1
 Lattice parameters:    2.923   2.923   4.671  90.000  90.000 120.000
  Iteration control parameters: 
  itz,abpro,vitpro,peps,izick,irp,r,rfak,ianfsu,rfanf
   21  1.00  0.30  0.05    1    0 2.000 1.100    1  2.00
 Number of pole figures:     3
     CRYSTAL SYMMETRY   IGB = 11  (D6)    NUMBER OF GROUP ELEMENTS  IZGB = 12

  read cfg file
    1    0    0    1      0.00     80.00

 NPOLEX, h k l , NTmin , NTmax :    1       1   0   0      1 17
 ******
                                 MAREF CALCULATION
  IZOVERI =            1
   Equivalent HKL-directions :
   INV = 1, i.e. HKL is of type h*; only the half number
   of the equivalent HKL-directions is given
   I =  1  Theta =  90.000 Phi =  30.000 NBEIN =     1
   I =  2  Theta =  90.000 Phi = 150.000 NBEIN =     2
   I =  3  Theta =  90.000 Phi =  90.000 NBEIN =     3
  read cfg file
    0    0    2    1      0.00     80.00

 NPOLEX, h k l , NTmin , NTmax :    2       0   0   2      1 17
 ******
                                 MAREF CALCULATION
  IZOVERI =            1
   Equivalent HKL-directions :
   INV = 1, i.e. HKL is of type h*; only the half number
   of the equivalent HKL-directions is given
   I =  1  Theta =   0.000 Phi =   0.000 NBEIN =     4
  read cfg file
    1    0    1    1      0.00     80.00

 NPOLEX, h k l , NTmin , NTmax :    3       1   0   1      1 17
 ******
                                 MAREF CALCULATION
  IZOVERI =            1
   Equivalent HKL-directions :
   INV = 1, i.e. HKL is of type h*; only the half number
   of the equivalent HKL-directions is given
   I =  1  Theta =  61.545 Phi =  30.000 NBEIN =     5
   I =  2  Theta =  61.545 Phi = 330.000 NBEIN =     6
   I =  3  Theta =  61.545 Phi = 270.000 NBEIN =     7
   I =  4  Theta =  61.545 Phi = 210.000 NBEIN =     8
   I =  5  Theta =  61.545 Phi = 150.000 NBEIN =     9
   I =  6  Theta =  61.545 Phi =  90.000 NBEIN =    10

          RFANF =  0.20000E+01 F2 = 0.24713E+01 ENTROPIE = -0.40162E+00
       PHONINP =   0.02  PHONSTEPEPS =  0.0050

          RFANF =  0.25000E+01 F2 = 0.44924E+01 ENTROPIE = -0.66580E+00
       PHONINP =   0.01  PHONSTEPEPS =  0.0050

          RFANF =  0.30000E+01 F2 = 0.89989E+01 ENTROPIE = -0.10203E+01
       PHONINP =   0.00  PHONSTEPEPS =  0.0050


     OPTIMUM RFANF =     2.50


 Tes Ti18 alpha                                                             
 Data file: WIMV.INP                                                                   

  ****  True iteration step #  0  ****
ODF Minimum and Maximum:      0.01     44.95
Texture Index (F**2)             4.4928
Entropy                         -0.6659
Average RP                      39.9100
Average RP1                     39.6382

   h   k   l     RP0     RP1     min.    max.   a min.  a max.
                     (%)           (m.r.d)
 Tes Ti18 alpha                                                             
 Data file: WIMV.INP                                                                   

  ****  True iteration step #  1  ****
ODF Minimum and Maximum:      0.01     42.33
Texture Index (F**2)             4.0665
Entropy                         -0.6643
Average RP                      28.1030
Average RP1                     19.4684

   h   k   l     RP0     RP1     min.    max.   a min.  a max.
                     (%)           (m.r.d)
 Tes Ti18 alpha                                                             
 Data file: WIMV.INP                                                                   

  ****  True iteration step #  2  ****
ODF Minimum and Maximum:      0.00     46.39
Texture Index (F**2)             4.9921
Entropy                         -0.7911
Average RP                      26.4226
Average RP1                     21.9712

   h   k   l     RP0     RP1     min.    max.   a min.  a max.
                     (%)           (m.r.d)
 Tes Ti18 alpha                                                             
 Data file: WIMV.INP                                                                   

  ****  True iteration step #  3  ****
ODF Minimum and Maximum:      0.00     42.53
Texture Index (F**2)             4.8600
Entropy                         -0.8167
Average RP                      24.2756
Average RP1                     18.5701

   h   k   l     RP0     RP1     min.    max.   a min.  a max.
                     (%)           (m.r.d)
 Tes Ti18 alpha                                                             
 Data file: WIMV.INP                                                                   

  ****  True iteration step #  4  ****
ODF Minimum and Maximum:      0.00     43.48
Texture Index (F**2)             5.1205
Entropy                         -0.8635
Average RP                      23.7399
Average RP1                     19.0989

   h   k   l     RP0     RP1     min.    max.   a min.  a max.
                     (%)           (m.r.d)
 Tes Ti18 alpha                                                             
 Data file: WIMV.INP                                                                   

  ****  True iteration step #  5  ****
ODF Minimum and Maximum:      0.00     42.79
Texture Index (F**2)             5.2083
Entropy                         -0.8930
Average RP                      23.0875
Average RP1                     18.5861

   h   k   l     RP0     RP1     min.    max.   a min.  a max.
                     (%)           (m.r.d)
 Tes Ti18 alpha                                                             
 Data file: WIMV.INP                                                                   

  ****  True iteration step #  6  ****
ODF Minimum and Maximum:      0.00     42.63
Texture Index (F**2)             5.3356
Entropy                         -0.9234
Average RP                      22.6352
Average RP1                     18.4081

   h   k   l     RP0     RP1     min.    max.   a min.  a max.
                     (%)           (m.r.d)
 Tes Ti18 alpha                                                             
 Data file: WIMV.INP                                                                   

  ****  True iteration step #  7  ****
ODF Minimum and Maximum:      0.00     42.43
Texture Index (F**2)             5.4436
Entropy                         -0.9492
Average RP                      22.2830
Average RP1                     18.2509

   h   k   l     RP0     RP1     min.    max.   a min.  a max.
                     (%)           (m.r.d)
 Tes Ti18 alpha                                                             
 Data file: WIMV.INP                                                                   

  ****  True iteration step #  8  ****
ODF Minimum and Maximum:      0.00     42.25
Texture Index (F**2)             5.5516
Entropy                         -0.9741
Average RP                      21.9824
Average RP1                     18.1257

   h   k   l     RP0     RP1     min.    max.   a min.  a max.
                     (%)           (m.r.d)
 Tes Ti18 alpha                                                             
 Data file: WIMV.INP                                                                   

  ****  True iteration step #  9  ****
ODF Minimum and Maximum:      0.00     42.08
Texture Index (F**2)             5.6589
Entropy                         -0.9980
Average RP                      21.7234
Average RP1                     18.0213

   h   k   l     RP0     RP1     min.    max.   a min.  a max.
                     (%)           (m.r.d)
 Tes Ti18 alpha                                                             
 Data file: WIMV.INP                                                                   

  ****  True iteration step # 10  ****
ODF Minimum and Maximum:      0.00     41.91
Texture Index (F**2)             5.7653
Entropy                         -1.0212
Average RP                      21.4979
Average RP1                     17.9632

   h   k   l     RP0     RP1     min.    max.   a min.  a max.
                     (%)           (m.r.d)
 Tes Ti18 alpha                                                             
 Data file: WIMV.INP                                                                   

  ****  True iteration step # 11  ****
ODF Minimum and Maximum:      0.00     41.74
Texture Index (F**2)             5.8709
Entropy                         -1.0437
Average RP                      21.3022
Average RP1                     17.8918

   h   k   l     RP0     RP1     min.    max.   a min.  a max.
                     (%)           (m.r.d)
 Tes Ti18 alpha                                                             
 Data file: WIMV.INP                                                                   

  ****  True iteration step # 12  ****
ODF Minimum and Maximum:      0.00     41.58
Texture Index (F**2)             5.9755
Entropy                         -1.0654
Average RP                      21.1300
Average RP1                     17.8407

   h   k   l     RP0     RP1     min.    max.   a min.  a max.
                     (%)           (m.r.d)
 Tes Ti18 alpha                                                             
 Data file: WIMV.INP                                                                   

  ****  True iteration step # 13  ****
ODF Minimum and Maximum:      0.00     41.81
Texture Index (F**2)             6.0792
Entropy                         -1.0866
Average RP                      20.9785
Average RP1                     17.7900

   h   k   l     RP0     RP1     min.    max.   a min.  a max.
                     (%)           (m.r.d)
 Tes Ti18 alpha                                                             
 Data file: WIMV.INP                                                                   

  ****  True iteration step # 14  ****
ODF Minimum and Maximum:      0.00     42.30
Texture Index (F**2)             6.1820
Entropy                         -1.1073
Average RP                      20.8424
Average RP1                     17.7452

   h   k   l     RP0     RP1     min.    max.   a min.  a max.
                     (%)           (m.r.d)
 Tes Ti18 alpha                                                             
 Data file: WIMV.INP                                                                   

  ****  True iteration step # 15  ****
ODF Minimum and Maximum:      0.00     42.75
Texture Index (F**2)             6.2838
Entropy                         -1.1273
Average RP                      20.7219
Average RP1                     17.7056

   h   k   l     RP0     RP1     min.    max.   a min.  a max.
                     (%)           (m.r.d)
 Tes Ti18 alpha                                                             
 Data file: WIMV.INP                                                                   

  ****  True iteration step # 16  ****
ODF Minimum and Maximum:      0.00     43.17
Texture Index (F**2)             6.3847
Entropy                         -1.1469
Average RP                      20.6148
Average RP1                     17.6728

   h   k   l     RP0     RP1     min.    max.   a min.  a max.
                     (%)           (m.r.d)
   STOP AT THE    16-TH ITERATION STEP MEAN RP_VALUE (per cent)  0.206E+02

   1   0   0   21.39   15.12    0.02    3.89     0.0    80.0    Exp.norm.  
   1   0   0   21.39   15.12    0.03    4.31     0.0    80.0    Recal.norm.
   0   0   2   11.56   13.44    0.01    7.00     0.0    80.0    Exp.norm.  
   0   0   2   11.56   13.44    0.01   13.57     0.0    80.0    Recal.norm.
   1   0   1   28.89   24.46    0.11    4.33     0.0    80.0    Exp.norm.  
   1   0   1   28.89   24.46    0.24    3.69     0.0    80.0    Recal.norm.
