Jacobi matrix :
#    0              1              2              3              4              5              6              7              8              9              10             11             12             13             14             15            
0    99029.01181947
1    -221.566119319 306.2155624533
2    -8879.83483852 18517.41873764 1188022.031691
3    -371080.918356 1187771.046442 7.981804624332 5.558335017825
4    -1.64542750896 7.976582963910 5.555872531242 3.978129349617 2.910083897925
5    -7.89195414014 5.549245166627 3.974223614809 2.908515319859 2.165063293904 1.633697971553
6    62.65631843280 8.616212089210 391.1112614842 18778.31070556 958959.4583899 5.211800585855 35.13318436101
7    12086.90414740 32.85900807192 2143.098638103 190866.6523888 1.716390428798 1.470004020991 -32.9820646357 1.660855992262
8    99809.62743721 -564.115835932 -22615.5657985 -593992.280120 8878048.351032 3.025272961540 232.2379536832 5.267974010705 6.201236869898
9    6269.900186625 449.6611773265 21724.95089565 1182671.125924 7.117456994391 4.592413173037 -140.478387017 1.036355839173 7.132516867464 4.964527719876
10   -2.99177641914 -0.04826746210 -1.90712133223 -76.7513666881 -3168.54754043 -135583.621713 0.021644338983 3.694271719708 16.05781216183 1.636766528592 9.280298397178
11   422387.1620062 12213.93121188 539286.8856071 2.530690002843 1.275056707468 6.925956446993 -3242.67822203 -70462.3137069 1.073060579760 5380213.055269 -721.349250426 1.179647404866
12   -822.915414200 -90.6464929818 -4588.23670067 -247242.943545 -1.41264107425 -8.49285381918 -279.220791872 424.9775744214 2142.642167076 1139.424588708 -0.16505729392 29939.83806668 2291.693148286
13   102563.1488321 2265.160801626 114749.6097841 6260509.480740 3.639692686836 2.225831404720 -222.785045474 1.505118261068 -4763349.74876 -1741414.67852 15.35314055253 -669214.644061 -2160.91011790 1.972201294431
14   4.300024885642 -0.07628077651 -3.24590025903 -143.220592946 -6639.98576954 -327878.892013 0.043173548241 -2.07580175592 -33.2692522257 1.838506398969 3.142498354019 -56.4060988825 -0.38282812621 -89.3475919726 0.007069237505
15   179209.6566085 -1997.94377406 -74058.2675728 -2655464.85616 -9.03303969818 -2.83171421676 1532.420619344 2126277.974432 -1903975.89236 91658.26480239 13.99819955647 -2759416.80097 -5438.91727035 5.671519899099 -621.061291221 4.279811421449
Correlation matrix:
#    0              1              2              3              4              5              6              7              8              9              10             11             12             13             14             15            
0    1.0           
1    3.072099349354 1.0           
2    0.117161069017 3.286834296075 -1.0          
3    -2.57465433080 -15.9795653740 2.485699140374 -1.0          
4    4.148335696039 29.49966305729 -4.67956050626 1.180708161397 -1.0          
5    -11.8650125089 -89.7052891918 15.09757139969 -2.71037504470 1.382488392143 1.0           
6    -0.92716597850 -2.62320486982 -0.18669537849 2.602163360570 -4.25757069158 12.30305936904 1.0           
7    -0.82729910784 -2.51220394665 -0.10699476167 2.157325249203 -3.47675676129 9.945931395854 0.450202972327 1.0           
8    0.722854653193 2.336037413513 0.044668091805 -1.75079713827 2.793807460929 -7.93618059033 -0.63566139227 0.062243797436 -1.0          
9    -5.79157786650 -18.1475266870 -0.55455055437 14.56664681720 -23.3347494857 66.47332268484 7.533183930470 5.091839183907 6.442657097825 -1.0          
10   1.001514928622 2.951044477926 0.160898880572 -2.69839706255 4.373016416678 -12.5604609846 -0.91906320809 -0.81113272163 0.773882854853 -6.02155364319 1.0           
11   0.057164006937 0.227578390791 -0.01124650487 -0.09805250775 0.151404899989 -0.41921251779 0.342569786402 -0.87304700981 0.148655514256 5.239116709386 -45.3408923754 1.0           
12   1.660913773332 5.172582529739 0.170116676075 -4.20819617431 6.753311128325 -19.2626621781 -54.9674497995 -1.31981131073 -1.58973037860 2.642802395477 3.650100248144 -0.74114067914 -1.0          
13   -0.06113406388 -0.23924446245 0.010597749287 0.108778587427 -0.16877489302 0.469084268000 -0.32318122912 0.875281985936 -0.15059021072 -5.21263205428 -0.07854985804 -1.00122240145 0.725069697772 1.0           
14   1.074662342126 3.349156366825 0.109358630616 -2.72125895760 4.375270943679 -12.4940878656 -3.81375392818 -0.85602183138 0.640608856482 -5.84947027917 1.177036838487 -2.38200178913 0.182677206618 0.036672631741 1.0           
15   0.986373269883 3.085885419473 0.096258993599 -2.48637162795 3.993717889773 -11.3969937298 -0.49734148556 -0.83355781323 0.747586954493 -5.74232324001 0.970493407669 -2.10044187022 -0.12272753891 -0.09209664768 -4152.37875560 1.0           
Correlation matrix from Choleski decomposition :
#    0              1              2              3              4              5              6              7              8              9              10             11             12             13             14             15            
0    1.0           
1    3.072099349354 1.0           
2    0.117161069017 3.286834296075 -1.0          
3    -2.57465433080 -15.9795653740 2.485699140374 -1.0          
4    4.148335696039 29.49966305729 -4.67956050626 1.180708161397 -1.0          
5    -11.8650125089 -89.7052891918 15.09757139969 -2.71037504470 1.382488392143 1.0           
6    -0.92716597850 -2.62320486982 -0.18669537849 2.602163360570 -4.25757069158 12.30305936904 1.0           
7    -0.82729910784 -2.51220394665 -0.10699476167 2.157325249203 -3.47675676129 9.945931395854 0.450202972327 1.0           
8    0.722854653193 2.336037413513 0.044668091805 -1.75079713827 2.793807460929 -7.93618059033 -0.63566139227 0.062243797436 -1.0          
9    -5.79157786650 -18.1475266870 -0.55455055437 14.56664681720 -23.3347494857 66.47332268484 7.533183930470 5.091839183907 6.442657097825 -1.0          
10   1.001514928622 2.951044477926 0.160898880572 -2.69839706255 4.373016416678 -12.5604609846 -0.91906320809 -0.81113272163 0.773882854853 -6.02155364319 1.0           
11   0.057164006937 0.227578390791 -0.01124650487 -0.09805250775 0.151404899989 -0.41921251779 0.342569786402 -0.87304700981 0.148655514256 5.239116709386 -45.3408923754 1.0           
12   1.660913773332 5.172582529739 0.170116676075 -4.20819617431 6.753311128325 -19.2626621781 -54.9674497995 -1.31981131073 -1.58973037860 2.642802395477 3.650100248144 -0.74114067914 -1.0          
13   -0.06113406388 -0.23924446245 0.010597749287 0.108778587427 -0.16877489302 0.469084268000 -0.32318122912 0.875281985936 -0.15059021072 -5.21263205428 -0.07854985804 -1.00122240145 0.725069697772 1.0           
14   1.074662342126 3.349156366825 0.109358630616 -2.72125895760 4.375270943679 -12.4940878656 -3.81375392818 -0.85602183138 0.640608856482 -5.84947027917 1.177036838487 -2.38200178913 0.182677206618 0.036672631741 1.0           
15   0.986373269883 3.085885419473 0.096258993599 -2.48637162795 3.993717889773 -11.3969937298 -0.49734148556 -0.83355781323 0.747586954493 -5.74232324001 0.970493407669 -2.10044187022 -0.12272753891 -0.09209664768 -4152.37875560 1.0           
Analysis title: Put a title here

Refined parameters:

0 Ti18_asrec_tex.par:Sample_x:layer1:_pd_phase_atom_%1 value:0.68334985 error:0.0066177906
1 Ti18_asrec_tex.par:Sample_x:abs:_riet_par_background_pol0 value:43.56095 error:23.690262
2 Ti18_asrec_tex.par:Sample_x:abs:_riet_par_background_pol1 value:0.11980978 error:1.8036141
3 Ti18_asrec_tex.par:Sample_x:abs:_riet_par_background_pol2 value:-0.023237385 error:0.049616937
4 Ti18_asrec_tex.par:Sample_x:abs:_riet_par_background_pol3 value:2.996827E-4 error:5.871951E-4
5 Ti18_asrec_tex.par:Sample_x:abs:_riet_par_background_pol4 value:-8.8066395E-7 error:2.5321833E-6
6 Ti18_asrec_tex.par:Sample_x:abs:Diffraction Instrument:_pd_proc_intensity_incident value:80.82123 error:1.7429196
7 Ti18_asrec_tex.par:Sample_x:abs:Diffraction Instrument:Instrument disalignment:_riet_par_2-theta_offset0 value:-0.056692492 error:0.00552279
8 Ti18_asrec_tex.par:Sample_x:Alpha_Ti:_cell_length_a value:2.925312 error:4.1261897E-4
9 Ti18_asrec_tex.par:Sample_x:Alpha_Ti:_cell_length_c value:4.675777 error:6.477989E-4
10 Ti18_asrec_tex.par:Sample_x:Alpha_Ti:Isotropic:_riet_par_cryst_size value:1903.5742 error:97.76039
11 Ti18_asrec_tex.par:Sample_x:Alpha_Ti:Isotropic:_riet_par_rs_microstrain value:7.25817E-4 error:7.764216E-5
12 Ti18_asrec_tex.par:Sample_x:Alpha_Ti:Atomic Structure:Ti:_atom_site_B_iso_or_equiv value:17.675894 error:0.21587718
13 Ti18_asrec_tex.par:Sample_x:Beta_Ti:_cell_length_a value:3.2202284 error:4.2569774E-4
14 Ti18_asrec_tex.par:Sample_x:Beta_Ti:Isotropic:_riet_par_cryst_size value:1481.9727 error:24.264574
15 Ti18_asrec_tex.par:Sample_x:Beta_Ti:Isotropic:_riet_par_rs_microstrain value:2.6663652E-4 error:9.589014E-5

Refinement final output indices:
Global Rwp: 0.23055482
Global Rp: 0.1526231
Global Rwpnb (no background): 0.3082876
Global Rwpnb1 (no bkg rescaled): 0.25498796
Global Rwpnb2 (no bkg rescaled^2): 0.23174112
Global Rpnb (no background): 0.23655654
Global Rpnb1 (no bkg rescaled): 0.17501922
Global Rpnb2 (no bkg rescaled^2): 0.14283995
Total energy: 0.0

Refinement final output indices for single samples:
Sample Sample_x :
Sample Rwp: 0.23055482
Sample Rp: 0.1526231
Sample Rwpnb (no background): 0.3082876
Sample Rwpnb1 (no bkg rescaled): 0.25498796
Sample Rwpnb2 (no bkg rescaled^2): 0.23174112
Sample Rpnb (no background): 0.23655654
Sample Rpnb1 (no bkg rescaled): 0.17501922
Sample Rpnb2 (no bkg rescaled^2): 0.14283995
Sample energy: 0.0

Refinement final output indices for single datasets:
DataSet abs :
DataSet Rwp: 0.23055482
DataSet Rp: 0.1526231
DataSet Rwpnb (no background): 0.3082876
DataSet Rwpnb1 (no bkg rescaled): 0.25498796
DataSet Rwpnb2 (no bkg rescaled^2): 0.23174112
DataSet Rpnb (no background): 0.23655654
DataSet Rpnb1 (no bkg rescaled): 0.17501922
DataSet Rpnb2 (no bkg rescaled^2): 0.14283995

Refinement final output indices for single spectra:
Datafile Ti18_asrec_abs.xrdml(0) : Rwp: 0.23055482, Rp: 0.1526231, Rwpnb: 0.3082876, Rwpnb1: 0.25498796, Rwpnb2: 0.23174112, Rpnb: 0.23655654Rpnb1: 0.17501922Rpnb2: 0.14283995

Sample:Sample_x

Phases:
Alpha_Ti
Density: 4.589142563839806
Beta_Ti
Density: 4.7621199390402325

             Object tree full informations


                 Object: Ti18_asrec_tex.par

String informations (CIF term, value) :
_audit_creation_date, Tue Jul 10 09:28:16 EDT 2018
_audit_creation_method, Maud, version 2.8
_audit_update_record, Thu Jul 12 08:31:00 EDT 2018
_computing_structure_refinement, Maud, version 2.8
_refine_ls_R_factor_all, 0.1526231
_refine_ls_wR_factor_all, 0.23055482
_refine_ls_goodness_of_fit_all, 0.12997396
_publ_contact_author_name, Luca Lutterotti
_publ_section_title, Put a title here
_pd_proc_ls_extract_int, never
_pd_proc_ls_texture_comp, never
_computing_reduce_memory_occ, true
_pd_proc_ls_theoretical_weight, false
_pd_proc_ls_extract_pos, never
_pd_proc_ls_strain_comp, never
_pd_proc_ls_extract_Fhkl, end of iteration
_pd_proc_ls_Fhkl_comp, end of iteration
_pd_proc_ls_weight_scheme, sqrt
_refine_ls_weighting_scheme, WgtSS
_refine_ls_WSS_factor, 24118.363
_maud_store_spectra_with_analysis, true
_riet_remove_phases_under, 0.001
_riet_refine_cell_over, 0.1
_riet_refine_sizestrain_over, 0.1
_riet_refine_crystal_structure_over, 0.1
_riet_refine_texture_over, 0.15
_riet_refine_strain_over, 0.25
_pd_proc_ls_interpolation_comp, end of iteration
_maud_analysis_name, Ti18_asrec_tex.par
_maud_analysis_prog_number, 0
_maud_store_structure_factors_with_analysis, true
_maud_store_texture_factors_with_analysis, true

Subordinate objects :
 Subordinate object number 0 :

                 Object: Marqardt Least Squares

String informations (CIF term, value) :
_refine_ls_number_iteration, 5
_riet_refine_ls_precision, 0.00000001
_riet_refine_ls_derivative_step, 0.0001
_riet_refine_ls_lambda, 0.01
_riet_refine_ls_double_derivative, false


Loops of subordinate objects :
 Object loop number 0 :
  Object number 0 :

                 Object: Sample_x

String informations (CIF term, value) :
_pd_spec_description, Sample description
_riet_thin_film_phase_refinement, films
_reflectivity_layer_qc_from_phases, false

Parameter informations :
- Parameter:  Ti18_asrec_tex.par:Sample_x:_pd_spec_orientation_omega  Value: 0, minimum: 0.0, maximum: 0.0 Status: not refinable, minimum significant value: 0.0
- Parameter:  Ti18_asrec_tex.par:Sample_x:_pd_spec_orientation_chi  Value: 0, minimum: 0.0, maximum: 0.0 Status: not refinable, minimum significant value: 0.0
- Parameter:  Ti18_asrec_tex.par:Sample_x:_pd_spec_orientation_phi  Value: 90, minimum: 0.0, maximum: 0.0 Status: not refinable, minimum significant value: 0.0
- Parameter:  Ti18_asrec_tex.par:Sample_x:_riet_par_spec_displac_x  Value: 0, minimum: 0.0, maximum: 0.0 Status: not refinable, minimum significant value: 0.0
- Parameter:  Ti18_asrec_tex.par:Sample_x:_riet_par_spec_displac_y  Value: 0, minimum: 0.0, maximum: 0.0 Status: not refinable, minimum significant value: 0.0
- Parameter:  Ti18_asrec_tex.par:Sample_x:_riet_par_spec_displac_z  Value: 0, minimum: 0.0, maximum: 0.0 Status: not refinable, minimum significant value: 0.0
- Parameter:  Ti18_asrec_tex.par:Sample_x:_pd_spec_size_axial  Value: 0, minimum: 0.0, maximum: 100.0 Status: not refinable, minimum significant value: 0.0
- Parameter:  Ti18_asrec_tex.par:Sample_x:_pd_spec_size_equat  Value: 0, minimum: 0.0, maximum: 100.0 Status: not refinable, minimum significant value: 0.0
- Parameter:  Ti18_asrec_tex.par:Sample_x:_pd_spec_size_thick  Value: 0, minimum: 0.0, maximum: 100.0 Status: not refinable, minimum significant value: 0.0
- Parameter:  Ti18_asrec_tex.par:Sample_x:_pd_spec_size_radius  Value: 0, minimum: 0.0, maximum: 100.0 Status: not refinable, minimum significant value: 0.0
- Parameter:  Ti18_asrec_tex.par:Sample_x:_pd_spec_size_radius_y  Value: 0, minimum: 0.0, maximum: 100.0 Status: not refinable, only positive values permitted, minimum significant value: 0.0

Subordinate objects :
 Subordinate object number 0 :

                 Object: No shape

 Subordinate object number 1 :

                 Object: None Layer workout

 Subordinate object number 2 :

                 Object: No precession


Loops of subordinate objects :
 Object loop number 0 :
  Object number 0 :

                 Object: layer1

       AtomSite   fractions
n  label  atom  fraction(at)  fraction(wt)
1) Ti 1.0 1.0

String informations (CIF term, value) :
_reflectivity_layer_qc_from_phases, false

Parameter informations :
- Parameter:  Ti18_asrec_tex.par:Sample_x:layer1:_riet_par_spec_layer_thickness  Value: 1.0E7, minimum: 0.1, maximum: 1.0E8 Status: not refinable, only positive values permitted, minimum significant value: 0.0
- Parameter:  Ti18_asrec_tex.par:Sample_x:layer1:_reflectivity_layer_critical_qc  Value: 0.04, minimum: 0.0010, maximum: 0.5 Status: not refinable, only positive values permitted, minimum significant value: 0.0
- Parameter:  Ti18_asrec_tex.par:Sample_x:layer1:_reflectivity_layer_absorption  Value: 2.0E-7, minimum: 1.0E-8, maximum: 1.0E-5 Status: not refinable, only positive values permitted, minimum significant value: 0.0
- Parameter:  Ti18_asrec_tex.par:Sample_x:layer1:_reflectivity_layer_roughness  Value: 2.0, minimum: 0.01, maximum: 100.0 Status: not refinable, only positive values permitted, minimum significant value: 0.0

Parameter loop informations :
Parameter loop number : 0
- Parameter:  Ti18_asrec_tex.par:Sample_x:layer1:_pd_phase_atom_%0  Value: 0.31665015, minimum: 0.0, maximum: 1.0 Status: not refinable, only positive values permitted, minimum significant value: 0.0
- Parameter:  Ti18_asrec_tex.par:Sample_x:layer1:_pd_phase_atom_%1  Value: 0.68334985, minimum: 0.0, maximum: 34.24886 Status: refinable, error: +-0.0066177906, only positive values permitted, minimum significant value: 0.0



 Object loop number 1 :
  Object number 0 :

                 Object: abs

String informations (CIF term, value) :
_pd_meas_datetime_initiated, Date/time meas
_pd_meas_info_author_name, 
_riet_meas_datafile_format, 
_pd_proc_ls_background_function, 
_pd_proc_ls_profile_function, 
_pd_proc_ls_peak_cutoff, 30
_pd_proc_2theta_range_min, 0
_pd_proc_2theta_range_max, 0
_pd_proc_2theta_range_inc, 
_diffrn_ambient_pressure, 
_diffrn_ambient_temperature, 
_riet_lorentz_restricted, true
_riet_par_background_interpolated, false
_riet_par_background_interpolation_range, 10
_riet_meas_dataset_compute, true
_riet_meas_datafile_replace, false
_riet_meas_dataset_random_texture, false
_maud_background_add_automatic, false
_maud_interpolated_background_iterations, 10
_pd_proc_ls_datafile_weight, 1.0
_riet_meas_dataset_no_strain, false

Parameter informations :
- Parameter:  Ti18_asrec_tex.par:Sample_x:abs:_riet_par_background_exp_shift  Value: 0, minimum: 0.0, maximum: 0.0 Status: not refinable, minimum significant value: 0.0
- Parameter:  Ti18_asrec_tex.par:Sample_x:abs:_riet_par_background_exp_thermal_shift  Value: 0, minimum: 0.0, maximum: 0.0 Status: not refinable, minimum significant value: 0.0
- Parameter:  Ti18_asrec_tex.par:Sample_x:abs:_pd_spec_orientation_omega  Value: 0, minimum: 0.0, maximum: 0.0 Status: not refinable, minimum significant value: 0.0
- Parameter:  Ti18_asrec_tex.par:Sample_x:abs:_pd_spec_orientation_chi  Value: 0, minimum: 0.0, maximum: 0.0 Status: not refinable, minimum significant value: 0.0
- Parameter:  Ti18_asrec_tex.par:Sample_x:abs:_pd_spec_orientation_phi  Value: 0, minimum: 0.0, maximum: 0.0 Status: not refinable, minimum significant value: 0.0
- Parameter:  Ti18_asrec_tex.par:Sample_x:abs:_pd_meas_orientation_omega_offset  Value: 0, minimum: 0, maximum: 0 Status: not refinable, minimum significant value: 0.0
- Parameter:  Ti18_asrec_tex.par:Sample_x:abs:_pd_meas_orientation_chi_offset  Value: 0, minimum: 0, maximum: 0 Status: not refinable, minimum significant value: 0.0
- Parameter:  Ti18_asrec_tex.par:Sample_x:abs:_pd_meas_orientation_phi_offset  Value: 0, minimum: 0, maximum: 0 Status: not refinable, minimum significant value: 0.0
- Parameter:  Ti18_asrec_tex.par:Sample_x:abs:_pd_meas_orientation_eta_offset  Value: 0, minimum: 0, maximum: 0 Status: not refinable, minimum significant value: 0.0
- Parameter:  Ti18_asrec_tex.par:Sample_x:abs:_riet_par_spec_displac_x  Value: 0, minimum: 0.0, maximum: 0.0 Status: not refinable, minimum significant value: 0.0
- Parameter:  Ti18_asrec_tex.par:Sample_x:abs:_riet_par_spec_displac_y  Value: 0, minimum: 0.0, maximum: 0.0 Status: not refinable, minimum significant value: 0.0
- Parameter:  Ti18_asrec_tex.par:Sample_x:abs:_riet_par_spec_displac_z  Value: 0, minimum: 0.0, maximum: 0.0 Status: not refinable, minimum significant value: 0.0

Parameter loop informations :
Parameter loop number : 0
- Parameter:  Ti18_asrec_tex.par:Sample_x:abs:_riet_par_background_pol0  Value: 43.56095, minimum: 10000.0, maximum: -10000.0 Status: refinable, error: +-23.690262, minimum significant value: 0.0
- Parameter:  Ti18_asrec_tex.par:Sample_x:abs:_riet_par_background_pol1  Value: 0.11980978, minimum: -77.26483, maximum: 1.0807426 Status: refinable, error: +-1.8036141, minimum significant value: 0.0
- Parameter:  Ti18_asrec_tex.par:Sample_x:abs:_riet_par_background_pol2  Value: -0.023237385, minimum: -77.26483, maximum: 0.0 Status: refinable, error: +-0.049616937, minimum significant value: 0.0
- Parameter:  Ti18_asrec_tex.par:Sample_x:abs:_riet_par_background_pol3  Value: 2.996827E-4, minimum: -86.82664, maximum: 71.03998 Status: refinable, error: +-5.871951E-4, minimum significant value: 0.0
- Parameter:  Ti18_asrec_tex.par:Sample_x:abs:_riet_par_background_pol4  Value: -8.8066395E-7, minimum: -86.82664, maximum: 71.03998 Status: refinable, error: +-2.5321833E-6, minimum significant value: 0.0


Subordinate objects :
 Subordinate object number 0 :

                 Object: Le Bail

String informations (CIF term, value) :
_riet_lebail_iteration_max, 5
_riet_lebail_error_max, 0.0050
_riet_lebail_range_factor, 0.05
_riet_lebail_use_bkg, true
_riet_lebail_use_hkl, true
_riet_lebail_summation_delta, 1.0E-4

 Subordinate object number 1 :

                 Object: none pe

 Subordinate object number 2 :

                 Object: none reflectivity

 Subordinate object number 3 :

                 Object: Diffraction Instrument

String informations (CIF term, value) :
_diffrn_measurement_device_type, Diffraction Instrument
_maud_optional_intensity_factor, 1.0

Parameter informations :
- Parameter:  Ti18_asrec_tex.par:Sample_x:abs:Diffraction Instrument:_pd_proc_intensity_incident  Value: 80.82123, minimum: 0.0, maximum: 10000.0 Status: refinable, error: +-1.7429196, only positive values permitted, minimum significant value: 0.0

Parameter loop informations :

Subordinate objects :
 Subordinate object number 0 :

                 Object: none cal

 Subordinate object number 1 :

                 Object: Instrument disalignment

Parameter loop informations :
Parameter loop number : 0
- Parameter:  Ti18_asrec_tex.par:Sample_x:abs:Diffraction Instrument:Instrument disalignment:_riet_par_2-theta_offset0  Value: -0.056692492, minimum: -2.09, maximum: 0.07223146 Status: refinable, error: +-0.00552279, minimum significant value: 0.0


 Subordinate object number 2 :

                 Object: Bragg-Brentano

String informations (CIF term, value) :
_diffrn_radiation_monochromator, filtered
_pd_instr_2theta_monochr_post, 0
_pd_instr_dist_src/samp, 175.0
_pd_instr_monochr_pre_spec, filtered
_pd_instr_2theta_monochr_pre, 0
_pd_instr_divg_eq_src/samp, 0.0
_pd_instr_divg_slit_auto, false
_pd_instr_divg_ax_src/samp, 0.0

Parameter informations :
- Parameter:  Ti18_asrec_tex.par:Sample_x:abs:Diffraction Instrument:Bragg-Brentano:_diffrn_radiation_polarisn_norm  Value: 0, minimum: 0.0, maximum: 360.0 Status: not refinable, minimum significant value: 0.0
- Parameter:  Ti18_asrec_tex.par:Sample_x:abs:Diffraction Instrument:Bragg-Brentano:_diffrn_radiation_polarisn_ratio  Value: 0, minimum: 0.0, maximum: 1.0 Status: not refinable, minimum significant value: 0.0

 Subordinate object number 3 :

                 Object: Theta-2Theta

 Subordinate object number 4 :

                 Object: X-ray tube

String informations (CIF term, value) :
_diffrn_dynamical_scattering_correction, true
_diffrn_dynamical_scattering_correction_crystallite, false

 Subordinate object number 5 :

                 Object: Scintillation

 Subordinate object number 6 :

                 Object: Caglioti PV

String informations (CIF term, value) :
_riet_caglioti_d_dep, true
_riet_asymmetry_tan_dep, true
_riet_omega/chi_broadening_convoluted, false
_riet_par_asymmetry_truncation, 0.4
_riet_par_asymmetry_reciprocal, false

Parameter loop informations :
Parameter loop number : 0
- Parameter:  Ti18_asrec_tex.par:Sample_x:abs:Diffraction Instrument:Caglioti PV:_riet_par_asymmetry_value0  Value: 72.17134, minimum: 5.0, maximum: 1000.0 Status: not refinable, minimum significant value: 0.0
- Parameter:  Ti18_asrec_tex.par:Sample_x:abs:Diffraction Instrument:Caglioti PV:_riet_par_asymmetry_value1  Value: -0.229337, minimum: -10.0, maximum: 10.0 Status: not refinable, minimum significant value: 0.0

Parameter loop number : 1
- Parameter:  Ti18_asrec_tex.par:Sample_x:abs:Diffraction Instrument:Caglioti PV:_riet_par_caglioti_value0  Value: 0.00252935, minimum: -0.1, maximum: 0.1 Status: not refinable, minimum significant value: 0.0
- Parameter:  Ti18_asrec_tex.par:Sample_x:abs:Diffraction Instrument:Caglioti PV:_riet_par_caglioti_value1  Value: 0.002716717, minimum: -0.3, maximum: 0.3 Status: not refinable, minimum significant value: 0.0
- Parameter:  Ti18_asrec_tex.par:Sample_x:abs:Diffraction Instrument:Caglioti PV:_riet_par_caglioti_value2  Value: 0.002312246, minimum: -0.5, maximum: 0.5 Status: not refinable, minimum significant value: 0.0

Parameter loop number : 2
- Parameter:  Ti18_asrec_tex.par:Sample_x:abs:Diffraction Instrument:Caglioti PV:_riet_par_gaussian_value0  Value: 0, minimum: -1.0, maximum: 2.0 Status: not refinable, minimum significant value: 0.0
- Parameter:  Ti18_asrec_tex.par:Sample_x:abs:Diffraction Instrument:Caglioti PV:_riet_par_gaussian_value1  Value: 0.012, minimum: -0.1, maximum: 0.1 Status: not refinable, minimum significant value: 0.0


 Subordinate object number 7 :

                 Object: none abs


Loops of subordinate objects :

 Subordinate object number 4 :

                 Object: none fluorescence


Loops of subordinate objects :
 Object loop number 2 :
  Object number 0 :

                 Object: Ti18_asrec_abs.xrdml(0)

String informations (CIF term, value) :
_riet_meas_datafile_format, 
_pd_meas_angle_omega, 0
_pd_meas_angle_chi, 0.0
_pd_meas_angle_phi, 0.0
_pd_meas_angle_eta, 0.0
_pd_meas_angle_2theta, 0
_pd_meas_energy_kev, 0
_riet_meas_datafile_compute, true
_riet_meas_datafile_fitting, false
_pd_meas_detector_id, none
_pd_meas_step_count_time, 27.555
_pd_meas_units_of_intensity, counts
_riet_meas_datafile_as_background, false
_riet_meas_data_group_count, 1
_riet_datafile_type, 0
_riet_datafile_save_custom, 
_pd_meas_image_id, -1
_riet_background_interpolated_manual, false
_pd_meas_datetime_initiated, 
_pd_proc_ls_datafile_weight, 1.0
_riet_use_count_time, false
_riet_chebyshev_polynomial_background, 

Parameter informations :
- Parameter:  Ti18_asrec_tex.par:Sample_x:abs:Ti18_asrec_abs.xrdml(0):_pd_meas_counts_monitor  Value: 1.0, minimum: 0.0, maximum: 10.0 Status: not refinable, only positive values permitted, minimum significant value: 0.0
- Parameter:  Ti18_asrec_tex.par:Sample_x:abs:Ti18_asrec_abs.xrdml(0):_riet_par_spec_displac_x_2R  Value: 0, minimum: -10.0, maximum: 10.0 Status: not refinable, minimum significant value: 0.0
- Parameter:  Ti18_asrec_tex.par:Sample_x:abs:Ti18_asrec_abs.xrdml(0):_riet_par_spec_displac_z_2R  Value: 0, minimum: -10.0, maximum: 10.0 Status: not refinable, minimum significant value: 0.0
- Parameter:  Ti18_asrec_tex.par:Sample_x:abs:Ti18_asrec_abs.xrdml(0):_riet_par_fluo_diffr_scale  Value: 1.0, minimum: 0.0, maximum: 100.0 Status: not refinable, only positive values permitted, minimum significant value: 0.0

Parameter loop informations :




 Object loop number 2 :
  Object number 0 :

                 Object: Alpha_Ti

       General position
1)  +x  |  +y  |  +z
2)  +x-y  |  +x  |  +z+0.5
3)  -y  |  +x-y  |  +z
4)  -x  |  -y  |  +z+0.5
5)  -x+y  |  -x  |  +z
6)  +y  |  -x+y  |  +z+0.5
7)  +x-y  |  -y  |  -z
8)  -x  |  -x+y  |  -z
9)  +y  |  +x  |  -z
10)  -y  |  -x  |  -z+0.5
11)  -x+y  |  +y  |  -z+0.5
12)  +x  |  +x-y  |  -z+0.5
13)  -x  |  -y  |  -z
14)  -x+y  |  -x  |  -z+0.5
15)  +y  |  -x+y  |  -z
16)  +x  |  +y  |  -z+0.5
17)  +x-y  |  +x  |  -z
18)  -y  |  +x-y  |  -z+0.5
19)  -x+y  |  +y  |  +z
20)  +x  |  +x-y  |  +z
21)  -y  |  -x  |  +z
22)  +y  |  +x  |  +z+0.5
23)  +x-y  |  -y  |  +z+0.5
24)  -x  |  -x+y  |  +z+0.5

       AtomSite list
n  label  symbol  quantity  occupancy  x  y  z  multiplicity  B  radius  weight  neutron scattering  neutron absorption
1)  Ti 2.0 1.0 0.33333 0.66667 0.25000 2 17.675894 1.45 47.883


       Atomic fractions
n  label  atomic fraction
1) Ti 1.0

       Reflection list
n  h  k  l  multiplicity  d-space  crystallite(Angstrom)  microstrain
1)  1 0 0 6 2.533394505995464 
2)  0 0 2 2 2.3378885000000005 
3)  1 0 1 12 2.2274573676894813 
4)  1 0 2 12 1.7181012850143202 
5)  1 1 0 6 1.4626560000000004 
6)  1 0 3 12 1.3274862685646318 
7)  2 0 0 6 1.266697252997732 
8)  1 1 2 12 1.2399779130966517 
9)  2 0 1 12 1.2226270936085064 
10)  0 0 4 2 1.1689442500000002 
11)  2 0 2 12 1.1137286838447407 
12)  1 0 4 12 1.061404071275002 

String informations (CIF term, value) :
_chemical_name_common, Alpha_Ti
_chemical_formula_sum, Ti
_symmetry_cell_setting, hexagonal
_symmetry_Int_Tables_number, 1
_symmetry_space_group_name_sch, C1^1
_symmetry_space_group_name_H-M, P63/mmc
_symmetry_space_group_name_Hall, P1
_cell_formula_units_Z, 1
_refine_ls_d_res_low, 0
_refine_ls_d_res_high, 5000
_reflns_d_resolution_low, 0.7
_reflns_d_resolution_high, 50
_maud_sg_centering_type, P
_chemical_name_mineral, Unknown
_chemical_name_systematic, Unknown

Loop of string informations (CIF term, value) :

Parameter informations :
- Parameter:  Ti18_asrec_tex.par:Sample_x:Alpha_Ti:_cell_length_a  Value: 2.925312, minimum: 5.0, maximum: 30.0 Status: refinable, error: +-4.1261897E-4, only positive values permitted, minimum significant value: 0.0
- Parameter:  Ti18_asrec_tex.par:Sample_x:Alpha_Ti:_cell_length_b  Value: 2.925312, minimum: 5.0, maximum: 30.0 Status: not refinable, only positive values permitted, minimum significant value: 0.0
- Parameter:  Ti18_asrec_tex.par:Sample_x:Alpha_Ti:_cell_length_c  Value: 4.675777, minimum: 5.0, maximum: 30.0 Status: refinable, error: +-6.477989E-4, only positive values permitted, minimum significant value: 0.0
- Parameter:  Ti18_asrec_tex.par:Sample_x:Alpha_Ti:_cell_angle_alpha  Value: 90, minimum: 90.0, maximum: 120.0 Status: not refinable, only positive values permitted, minimum significant value: 0.0
- Parameter:  Ti18_asrec_tex.par:Sample_x:Alpha_Ti:_cell_angle_beta  Value: 90, minimum: 90.0, maximum: 120.0 Status: not refinable, only positive values permitted, minimum significant value: 0.0
- Parameter:  Ti18_asrec_tex.par:Sample_x:Alpha_Ti:_cell_angle_gamma  Value: 120, minimum: 90.0, maximum: 120.0 Status: not refinable, only positive values permitted, minimum significant value: 0.0
- Parameter:  Ti18_asrec_tex.par:Sample_x:Alpha_Ti:_riet_par_strain_thermal  Value: 0, minimum: -0.1, maximum: 0.1 Status: not refinable, minimum significant value: 0.0
- Parameter:  Ti18_asrec_tex.par:Sample_x:Alpha_Ti:_exptl_absorpt_cryst_size  Value: 0, minimum: 0.001, maximum: 100.0 Status: not refinable, only positive values permitted, minimum significant value: 0.0
- Parameter:  Ti18_asrec_tex.par:Sample_x:Alpha_Ti:_riet_par_phase_scale_factor  Value: 1.0, minimum: 0.0, maximum: 100.0 Status: not refinable, only positive values permitted, minimum significant value: 0.0

Subordinate objects :
 Subordinate object number 0 :

                 Object: WIMV

String informations (CIF term, value) :
_rita_generate_symmetry, none
_rita_wimv_sum_coincidence, true
_rita_wimv_iteration_max, 20
_rita_wimv_Rp_minimum, 1.0
_rita_wimv_speed_minimum, 0.01
_rita_wimv_exponent, 2.0
_rita_wimv_RPO_level, 0.05
_rita_wimv_zigzag_factor, 1.1
_rita_wimv_zigzag, enabled
_rita_wimv_ODF_optimization, Rp
_rita_wimv_refl_min_int, 0.02
_rita_odf_sharpness, 
_rita_wimv_odf_resolution, 15.0000
_rita_odf_refinable, false

Subordinate objects :
 Subordinate object number 0 :

                 Object: Triangular

String informations (CIF term, value) :
_rita_interpol_dist_control, 20.0
_rita_interpol_polar_angle_max, 90.0
_rita_interpol_minimum_angle, 20.0
_rita_interpol_degree, 1


Loops of subordinate objects :

 Subordinate object number 1 :

                 Object: Delft

 Subordinate object number 2 :

                 Object: Isotropic

Parameter informations :
- Parameter:  Ti18_asrec_tex.par:Sample_x:Alpha_Ti:Isotropic:_riet_par_cryst_size  Value: 1903.5742, minimum: 50.0, maximum: 5000.0 Status: refinable, error: +-97.76039, only positive values permitted, minimum significant value: 5.0
- Parameter:  Ti18_asrec_tex.par:Sample_x:Alpha_Ti:Isotropic:_riet_par_rs_microstrain  Value: 7.25817E-4, minimum: 0.0, maximum: 0.005 Status: refinable, error: +-7.764216E-5, only positive values permitted, minimum significant value: 1.0E-4

 Subordinate object number 3 :

                 Object: none abm

 Subordinate object number 4 :

                 Object: none pd

 Subordinate object number 5 :

                 Object: no magnetic

 Subordinate object number 6 :

                 Object: no strain

 Subordinate object number 7 :

                 Object: No microabsorption

 Subordinate object number 8 :

                 Object: Atomic Structure

String informations (CIF term, value) :
_riet_structure_quantity_from_occupancy, true
_refine_ls_energy_weight, 1.0
_riet_structure_use_U_dimensionless, false

Subordinate objects :
 Subordinate object number 0 :

                 Object: No force field


Loops of subordinate objects :
 Object loop number 0 :
  Object number 0 :

                 Object: Ti

String informations (CIF term, value) :
_atom_site_type_symbol, dummy
_atom_site_constraints, 
_atom_type_number_in_cell, 2.0
_atom_site_calc_flag, .

Parameter informations :
- Parameter:  Ti18_asrec_tex.par:Sample_x:Alpha_Ti:Atomic Structure:Ti:_atom_site_occupancy  Value: 1.0, minimum: 0.0, maximum: 1.0 Status: not refinable, only positive values permitted, minimum significant value: 0.0
- Parameter:  Ti18_asrec_tex.par:Sample_x:Alpha_Ti:Atomic Structure:Ti:_atom_site_fract_x  Value: 0.33333, minimum: 0.0, maximum: 1.0 Status: not refinable, minimum significant value: 0.0
- Parameter:  Ti18_asrec_tex.par:Sample_x:Alpha_Ti:Atomic Structure:Ti:_atom_site_fract_y  Value: 0.66667, minimum: 0.0, maximum: 1.0 Status: not refinable, minimum significant value: 0.0
- Parameter:  Ti18_asrec_tex.par:Sample_x:Alpha_Ti:Atomic Structure:Ti:_atom_site_fract_z  Value: 0.25000, minimum: 0.0, maximum: 1.0 Status: not refinable, minimum significant value: 0.0
- Parameter:  Ti18_asrec_tex.par:Sample_x:Alpha_Ti:Atomic Structure:Ti:_atom_site_B_iso_or_equiv  Value: 17.675894, minimum: -1.0, maximum: 10.0 Status: refinable, error: +-0.21587718, minimum significant value: 0.0
       Parameters bounded to this parameter:
          Ti18_asrec_tex.par:Sample_x:Beta_Ti:Atomic Structure:Ti:_atom_site_B_iso_or_equiv

- Parameter:  Ti18_asrec_tex.par:Sample_x:Alpha_Ti:Atomic Structure:Ti:_atom_site_aniso_B_11  Value: 0, minimum: -1.0, maximum: 10.0 Status: not refinable, minimum significant value: 0.0
- Parameter:  Ti18_asrec_tex.par:Sample_x:Alpha_Ti:Atomic Structure:Ti:_atom_site_aniso_B_22  Value: 0, minimum: -1.0, maximum: 10.0 Status: not refinable, minimum significant value: 0.0
- Parameter:  Ti18_asrec_tex.par:Sample_x:Alpha_Ti:Atomic Structure:Ti:_atom_site_aniso_B_33  Value: 0, minimum: -1.0, maximum: 10.0 Status: not refinable, minimum significant value: 0.0
- Parameter:  Ti18_asrec_tex.par:Sample_x:Alpha_Ti:Atomic Structure:Ti:_atom_site_aniso_B_12  Value: 0, minimum: -1.0, maximum: 10.0 Status: not refinable, minimum significant value: 0.0
- Parameter:  Ti18_asrec_tex.par:Sample_x:Alpha_Ti:Atomic Structure:Ti:_atom_site_aniso_B_13  Value: 0, minimum: -1.0, maximum: 10.0 Status: not refinable, minimum significant value: 0.0
- Parameter:  Ti18_asrec_tex.par:Sample_x:Alpha_Ti:Atomic Structure:Ti:_atom_site_aniso_B_23  Value: 0, minimum: -1.0, maximum: 10.0 Status: not refinable, minimum significant value: 0.0



 Subordinate object number 9 :

                 Object: atomic standard model

 Subordinate object number 10 :

                 Object: Le Bail

String informations (CIF term, value) :
_riet_lebail_iteration_max, 5
_riet_lebail_error_max, 0.005
_riet_lebail_range_factor, 0.05
_riet_lebail_use_bkg, true
_riet_lebail_summation_delta, 1.0E-4
_riet_lebail_use_previous_factors, true

 Subordinate object number 11 :

                 Object: None TDS


Loops of subordinate objects :

  Object number 1 :

                 Object: Beta_Ti

       General position
1)  +x  |  +y  |  +z
2)  -y  |  +x  |  +z
3)  -x  |  -y  |  +z
4)  +y  |  -x  |  +z
5)  +x  |  -z  |  +y
6)  +x  |  -y  |  -z
7)  +x  |  +z  |  -y
8)  +z  |  +y  |  -x
9)  -x  |  +y  |  -z
10)  -z  |  +y  |  +x
11)  +z  |  +x  |  +y
12)  +y  |  +z  |  +x
13)  -y  |  -z  |  +x
14)  +z  |  -x  |  -y
15)  -y  |  +z  |  -x
16)  -z  |  -x  |  +y
17)  -z  |  +x  |  -y
18)  +y  |  -z  |  -x
19)  +y  |  +x  |  -z
20)  -y  |  -x  |  -z
21)  -x  |  +z  |  +y
22)  -x  |  -z  |  -y
23)  +z  |  -y  |  +x
24)  -z  |  -y  |  -x
25)  -x  |  -y  |  -z
26)  +y  |  -x  |  -z
27)  +x  |  +y  |  -z
28)  -y  |  +x  |  -z
29)  -x  |  +z  |  -y
30)  -x  |  +y  |  +z
31)  -x  |  -z  |  +y
32)  -z  |  -y  |  +x
33)  +x  |  -y  |  +z
34)  +z  |  -y  |  -x
35)  -z  |  -x  |  -y
36)  -y  |  -z  |  -x
37)  +y  |  +z  |  -x
38)  -z  |  +x  |  +y
39)  +y  |  -z  |  +x
40)  +z  |  +x  |  -y
41)  +z  |  -x  |  +y
42)  -y  |  +z  |  +x
43)  -y  |  -x  |  +z
44)  +y  |  +x  |  +z
45)  +x  |  -z  |  -y
46)  +x  |  +z  |  +y
47)  -z  |  +y  |  -x
48)  +z  |  +y  |  +x
49)  +x+0.5  |  +y+0.5  |  +z+0.5
50)  -y+0.5  |  +x+0.5  |  +z+0.5
51)  -x+0.5  |  -y+0.5  |  +z+0.5
52)  +y+0.5  |  -x+0.5  |  +z+0.5
53)  +x+0.5  |  -z+0.5  |  +y+0.5
54)  +x+0.5  |  -y+0.5  |  -z+0.5
55)  +x+0.5  |  +z+0.5  |  -y+0.5
56)  +z+0.5  |  +y+0.5  |  -x+0.5
57)  -x+0.5  |  +y+0.5  |  -z+0.5
58)  -z+0.5  |  +y+0.5  |  +x+0.5
59)  +z+0.5  |  +x+0.5  |  +y+0.5
60)  +y+0.5  |  +z+0.5  |  +x+0.5
61)  -y+0.5  |  -z+0.5  |  +x+0.5
62)  +z+0.5  |  -x+0.5  |  -y+0.5
63)  -y+0.5  |  +z+0.5  |  -x+0.5
64)  -z+0.5  |  -x+0.5  |  +y+0.5
65)  -z+0.5  |  +x+0.5  |  -y+0.5
66)  +y+0.5  |  -z+0.5  |  -x+0.5
67)  +y+0.5  |  +x+0.5  |  -z+0.5
68)  -y+0.5  |  -x+0.5  |  -z+0.5
69)  -x+0.5  |  +z+0.5  |  +y+0.5
70)  -x+0.5  |  -z+0.5  |  -y+0.5
71)  +z+0.5  |  -y+0.5  |  +x+0.5
72)  -z+0.5  |  -y+0.5  |  -x+0.5
73)  -x+0.5  |  -y+0.5  |  -z+0.5
74)  +y+0.5  |  -x+0.5  |  -z+0.5
75)  +x+0.5  |  +y+0.5  |  -z+0.5
76)  -y+0.5  |  +x+0.5  |  -z+0.5
77)  -x+0.5  |  +z+0.5  |  -y+0.5
78)  -x+0.5  |  +y+0.5  |  +z+0.5
79)  -x+0.5  |  -z+0.5  |  +y+0.5
80)  -z+0.5  |  -y+0.5  |  +x+0.5
81)  +x+0.5  |  -y+0.5  |  +z+0.5
82)  +z+0.5  |  -y+0.5  |  -x+0.5
83)  -z+0.5  |  -x+0.5  |  -y+0.5
84)  -y+0.5  |  -z+0.5  |  -x+0.5
85)  +y+0.5  |  +z+0.5  |  -x+0.5
86)  -z+0.5  |  +x+0.5  |  +y+0.5
87)  +y+0.5  |  -z+0.5  |  +x+0.5
88)  +z+0.5  |  +x+0.5  |  -y+0.5
89)  +z+0.5  |  -x+0.5  |  +y+0.5
90)  -y+0.5  |  +z+0.5  |  +x+0.5
91)  -y+0.5  |  -x+0.5  |  +z+0.5
92)  +y+0.5  |  +x+0.5  |  +z+0.5
93)  +x+0.5  |  -z+0.5  |  -y+0.5
94)  +x+0.5  |  +z+0.5  |  +y+0.5
95)  -z+0.5  |  +y+0.5  |  -x+0.5
96)  +z+0.5  |  +y+0.5  |  +x+0.5

       AtomSite list
n  label  symbol  quantity  occupancy  x  y  z  multiplicity  B  radius  weight  neutron scattering  neutron absorption
1)  Ti 2.0 1.0 0 0 0 2 17.675894 1.45 47.883


       Atomic fractions
n  label  atomic fraction
1) Ti 1.0

       Reflection list
n  h  k  l  multiplicity  d-space  crystallite(Angstrom)  microstrain
1)  1 1 0 12 2.277045338609506 
2)  2 0 0 6 1.6101142000000002 
3)  2 1 1 24 1.314652739203181 
4)  2 2 0 12 1.138522669304753 

String informations (CIF term, value) :
_chemical_name_common, Beta_Ti
_chemical_formula_sum, Ti
_symmetry_cell_setting, cubic
_symmetry_Int_Tables_number, 1
_symmetry_space_group_name_sch, C1^1
_symmetry_space_group_name_H-M, Im-3m
_symmetry_space_group_name_Hall, P1
_cell_formula_units_Z, 1
_refine_ls_d_res_low, 0
_refine_ls_d_res_high, 5000
_reflns_d_resolution_low, 0.7
_reflns_d_resolution_high, 50
_maud_sg_centering_type, P
_chemical_name_mineral, Unknown
_chemical_name_systematic, Unknown

Loop of string informations (CIF term, value) :

Parameter informations :
- Parameter:  Ti18_asrec_tex.par:Sample_x:Beta_Ti:_cell_length_a  Value: 3.2202284, minimum: 5.0, maximum: 30.0 Status: refinable, error: +-4.2569774E-4, only positive values permitted, minimum significant value: 0.0
- Parameter:  Ti18_asrec_tex.par:Sample_x:Beta_Ti:_cell_length_b  Value: 3.2202284, minimum: 5.0, maximum: 30.0 Status: not refinable, only positive values permitted, minimum significant value: 0.0
- Parameter:  Ti18_asrec_tex.par:Sample_x:Beta_Ti:_cell_length_c  Value: 3.2202284, minimum: 5.0, maximum: 30.0 Status: not refinable, only positive values permitted, minimum significant value: 0.0
- Parameter:  Ti18_asrec_tex.par:Sample_x:Beta_Ti:_cell_angle_alpha  Value: 90, minimum: 90.0, maximum: 120.0 Status: not refinable, only positive values permitted, minimum significant value: 0.0
- Parameter:  Ti18_asrec_tex.par:Sample_x:Beta_Ti:_cell_angle_beta  Value: 90, minimum: 90.0, maximum: 120.0 Status: not refinable, only positive values permitted, minimum significant value: 0.0
- Parameter:  Ti18_asrec_tex.par:Sample_x:Beta_Ti:_cell_angle_gamma  Value: 90, minimum: 90.0, maximum: 120.0 Status: not refinable, only positive values permitted, minimum significant value: 0.0
- Parameter:  Ti18_asrec_tex.par:Sample_x:Beta_Ti:_riet_par_strain_thermal  Value: 0, minimum: -0.1, maximum: 0.1 Status: not refinable, minimum significant value: 0.0
- Parameter:  Ti18_asrec_tex.par:Sample_x:Beta_Ti:_exptl_absorpt_cryst_size  Value: 0, minimum: 0.001, maximum: 100.0 Status: not refinable, only positive values permitted, minimum significant value: 0.0
- Parameter:  Ti18_asrec_tex.par:Sample_x:Beta_Ti:_riet_par_phase_scale_factor  Value: 1.0, minimum: 0.0, maximum: 100.0 Status: not refinable, only positive values permitted, minimum significant value: 0.0

Subordinate objects :
 Subordinate object number 0 :

                 Object: WIMV

String informations (CIF term, value) :
_rita_generate_symmetry, none
_rita_wimv_sum_coincidence, true
_rita_wimv_iteration_max, 20
_rita_wimv_Rp_minimum, 1.0
_rita_wimv_speed_minimum, 0.01
_rita_wimv_exponent, 2.0
_rita_wimv_RPO_level, 0.05
_rita_wimv_zigzag_factor, 1.1
_rita_wimv_zigzag, enabled
_rita_wimv_ODF_optimization, Rp
_rita_wimv_refl_min_int, 0.02
_rita_odf_sharpness, 
_rita_wimv_odf_resolution, 15.0000
_rita_odf_refinable, false

Subordinate objects :
 Subordinate object number 0 :

                 Object: Triangular

String informations (CIF term, value) :
_rita_interpol_dist_control, 20.0
_rita_interpol_polar_angle_max, 90.0
_rita_interpol_minimum_angle, 20.0
_rita_interpol_degree, 1


Loops of subordinate objects :

 Subordinate object number 1 :

                 Object: Delft

 Subordinate object number 2 :

                 Object: Isotropic

Parameter informations :
- Parameter:  Ti18_asrec_tex.par:Sample_x:Beta_Ti:Isotropic:_riet_par_cryst_size  Value: 1481.9727, minimum: 50.0, maximum: 5000.0 Status: refinable, error: +-24.264574, only positive values permitted, minimum significant value: 5.0
- Parameter:  Ti18_asrec_tex.par:Sample_x:Beta_Ti:Isotropic:_riet_par_rs_microstrain  Value: 2.6663652E-4, minimum: 0.0, maximum: 0.005 Status: refinable, error: +-9.589014E-5, only positive values permitted, minimum significant value: 1.0E-4

 Subordinate object number 3 :

                 Object: none abm

 Subordinate object number 4 :

                 Object: none pd

 Subordinate object number 5 :

                 Object: no magnetic

 Subordinate object number 6 :

                 Object: no strain

 Subordinate object number 7 :

                 Object: No microabsorption

 Subordinate object number 8 :

                 Object: Atomic Structure

String informations (CIF term, value) :
_riet_structure_quantity_from_occupancy, true
_refine_ls_energy_weight, 1.0
_riet_structure_use_U_dimensionless, false

Subordinate objects :
 Subordinate object number 0 :

                 Object: No force field


Loops of subordinate objects :
 Object loop number 0 :
  Object number 0 :

                 Object: Ti

String informations (CIF term, value) :
_atom_site_type_symbol, dummy
_atom_site_constraints, 
_atom_type_number_in_cell, 2.0
_atom_site_calc_flag, .

Parameter informations :
- Parameter:  Ti18_asrec_tex.par:Sample_x:Beta_Ti:Atomic Structure:Ti:_atom_site_occupancy  Value: 1.0, minimum: 0.0, maximum: 1.0 Status: not refinable, only positive values permitted, minimum significant value: 0.0
- Parameter:  Ti18_asrec_tex.par:Sample_x:Beta_Ti:Atomic Structure:Ti:_atom_site_fract_x  Value: 0, minimum: 0.0, maximum: 1.0 Status: not refinable, minimum significant value: 0.0
- Parameter:  Ti18_asrec_tex.par:Sample_x:Beta_Ti:Atomic Structure:Ti:_atom_site_fract_y  Value: 0, minimum: 0.0, maximum: 1.0 Status: not refinable, minimum significant value: 0.0
- Parameter:  Ti18_asrec_tex.par:Sample_x:Beta_Ti:Atomic Structure:Ti:_atom_site_fract_z  Value: 0, minimum: 0.0, maximum: 1.0 Status: not refinable, minimum significant value: 0.0
- Parameter:  Ti18_asrec_tex.par:Sample_x:Beta_Ti:Atomic Structure:Ti:_atom_site_B_iso_or_equiv  Value: 17.675894, minimum: -1.0, maximum: 10.0 Status: equal to 0 + 1 * Ti18_asrec_tex.par:Sample_x:Alpha_Ti:Atomic Structure:Ti:_atom_site_B_iso_or_equiv, minimum significant value: 0.0
- Parameter:  Ti18_asrec_tex.par:Sample_x:Beta_Ti:Atomic Structure:Ti:_atom_site_aniso_B_11  Value: 0, minimum: -1.0, maximum: 10.0 Status: not refinable, minimum significant value: 0.0
- Parameter:  Ti18_asrec_tex.par:Sample_x:Beta_Ti:Atomic Structure:Ti:_atom_site_aniso_B_22  Value: 0, minimum: -1.0, maximum: 10.0 Status: not refinable, minimum significant value: 0.0
- Parameter:  Ti18_asrec_tex.par:Sample_x:Beta_Ti:Atomic Structure:Ti:_atom_site_aniso_B_33  Value: 0, minimum: -1.0, maximum: 10.0 Status: not refinable, minimum significant value: 0.0
- Parameter:  Ti18_asrec_tex.par:Sample_x:Beta_Ti:Atomic Structure:Ti:_atom_site_aniso_B_12  Value: 0, minimum: -1.0, maximum: 10.0 Status: not refinable, minimum significant value: 0.0
- Parameter:  Ti18_asrec_tex.par:Sample_x:Beta_Ti:Atomic Structure:Ti:_atom_site_aniso_B_13  Value: 0, minimum: -1.0, maximum: 10.0 Status: not refinable, minimum significant value: 0.0
- Parameter:  Ti18_asrec_tex.par:Sample_x:Beta_Ti:Atomic Structure:Ti:_atom_site_aniso_B_23  Value: 0, minimum: -1.0, maximum: 10.0 Status: not refinable, minimum significant value: 0.0



 Subordinate object number 9 :

                 Object: atomic standard model

 Subordinate object number 10 :

                 Object: Le Bail

String informations (CIF term, value) :
_riet_lebail_iteration_max, 5
_riet_lebail_error_max, 0.005
_riet_lebail_range_factor, 0.05
_riet_lebail_use_bkg, true
_riet_lebail_summation_delta, 1.0E-4
_riet_lebail_use_previous_factors, true

 Subordinate object number 11 :

                 Object: None TDS


Loops of subordinate objects :





